Configuration on demand is an incubating feature.
> Task :app:checkKotlinGradlePluginConfigurationErrors SKIPPED
> Task :app:checkThemeTokens
> Task :app:preBuild
> Task :app:preDebugBuild
> Task :app:dataBindingMergeDependencyArtifactsDebug UP-TO-DATE
> Task :app:generateDebugResValues UP-TO-DATE
> Task :app:generateDebugResources UP-TO-DATE
> Task :app:mergeDebugResources UP-TO-DATE
> Task :app:packageDebugResources UP-TO-DATE
> Task :app:parseDebugLocalResources UP-TO-DATE
> Task :app:dataBindingGenBaseClassesDebug UP-TO-DATE
> Task :app:generateDebugBuildConfig UP-TO-DATE
> Task :app:extractDebugProto UP-TO-DATE
> Task :app:extractIncludeDebugProto UP-TO-DATE
> Task :app:extractProto UP-TO-DATE
> Task :app:generateDebugProto UP-TO-DATE
> Task :app:checkDebugAarMetadata UP-TO-DATE
> Task :app:mapDebugSourceSetPaths UP-TO-DATE
> Task :app:createDebugCompatibleScreenManifests UP-TO-DATE
> Task :app:extractDeepLinksDebug UP-TO-DATE
> Task :app:processDebugMainManifest UP-TO-DATE
> Task :app:processDebugManifest UP-TO-DATE
> Task :app:processDebugManifestForPackage UP-TO-DATE
> Task :app:processDebugResources UP-TO-DATE
> Task :app:compileDebugKotlin
w: file:///C:/Users/Min/.qclaw/workspace-agent-279f079a/blbl/app/src/main/java/blbl/cat3399/core/prefs/AppConfigBackup.kt:38:29 Non-public primary constructor is exposed via the generated 'copy()' method of the 'data' class.

The generated 'copy()' will change its visibility in future releases.

To suppress the warning do one of the following:
- Annotate the data class with the '@ConsistentCopyVisibility' annotation.
- Use the '-Xconsistent-data-class-copy-visibility' compiler flag.
- Annotate the data class with the '@ExposedCopyVisibility' annotation 
  (Discouraged, but can be used to keep binary compatibility).

To learn more, see the documentation of the '@ConsistentCopyVisibility' and '@ExposedCopyVisibility' annotations.

This will become an error in Kotlin 2.1.
w: file:///C:/Users/Min/.qclaw/workspace-agent-279f079a/blbl/app/src/main/java/blbl/cat3399/feature/player/PlayerActivity.kt:2188:18 This declaration overrides a deprecated member but is not marked as deprecated itself. Please add the '@Deprecated' annotation or suppress the diagnostic.
w: file:///C:/Users/Min/.qclaw/workspace-agent-279f079a/blbl/app/src/main/java/blbl/cat3399/feature/player/PlayerActivity.kt:2190:19 'fun onBackPressed(): Unit' is deprecated. Deprecated in Java.
w: file:///C:/Users/Min/.qclaw/workspace-agent-279f079a/blbl/app/src/main/java/blbl/cat3399/feature/player/PlayerActivity.kt:2197:23 'fun onBackPressed(): Unit' is deprecated. Deprecated in Java.
w: file:///C:/Users/Min/.qclaw/workspace-agent-279f079a/blbl/app/src/main/java/blbl/cat3399/feature/player/PlayerActivity.kt:2200:19 'fun onBackPressed(): Unit' is deprecated. Deprecated in Java.
w: file:///C:/Users/Min/.qclaw/workspace-agent-279f079a/blbl/app/src/main/java/blbl/cat3399/feature/player/PlayerActivity.kt:4323:80 'static field VIBRATOR_SERVICE: String' is deprecated. Deprecated in Java.
w: file:///C:/Users/Min/.qclaw/workspace-agent-279f079a/blbl/app/src/main/java/blbl/cat3399/feature/player/PlayerActivityScreenshot.kt:138:14 'var isDrawingCacheEnabled: Boolean' is deprecated. Deprecated in Java.
w: file:///C:/Users/Min/.qclaw/workspace-agent-279f079a/blbl/app/src/main/java/blbl/cat3399/feature/search/SearchRenderer.kt:713:32 Condition is always 'true'.
w: file:///C:/Users/Min/.qclaw/workspace-agent-279f079a/blbl/app/src/main/java/blbl/cat3399/feature/settings/SettingsInteractionHandler.kt:1964:13 Duplicate branch condition in 'when'.
w: file:///C:/Users/Min/.qclaw/workspace-agent-279f079a/blbl/app/src/main/java/blbl/cat3399/feature/settings/SettingsInteractionHandler.kt:2002:13 Duplicate branch condition in 'when'.
w: file:///C:/Users/Min/.qclaw/workspace-agent-279f079a/blbl/app/src/main/java/blbl/cat3399/feature/settings/SettingsInteractionHandler.kt:2016:13 Duplicate branch condition in 'when'.

BUILD SUCCESSFUL in 3m 42s
22 actionable tasks: 2 executed, 20 up-to-date
