Configuration on demand is an incubating feature.
> Task :app:loadKtlintReporters UP-TO-DATE
> Task :app:runKtlintCheckOverAndroidTestDebugSourceSet NO-SOURCE
> Task :app:ktlintAndroidTestDebugSourceSetCheck SKIPPED
> Task :app:runKtlintCheckOverAndroidTestReleaseSourceSet NO-SOURCE
> Task :app:ktlintAndroidTestReleaseSourceSetCheck SKIPPED
> Task :app:runKtlintCheckOverAndroidTestSourceSet NO-SOURCE
> Task :app:ktlintAndroidTestSourceSetCheck SKIPPED
> Task :app:runKtlintCheckOverDebugSourceSet NO-SOURCE
> Task :app:ktlintDebugSourceSetCheck SKIPPED
> Task :app:runKtlintCheckOverReleaseSourceSet NO-SOURCE
> Task :app:ktlintReleaseSourceSetCheck SKIPPED
> Task :app:runKtlintCheckOverTestDebugSourceSet NO-SOURCE
> Task :app:ktlintTestDebugSourceSetCheck SKIPPED
> Task :app:runKtlintCheckOverTestFixturesDebugSourceSet NO-SOURCE
> Task :app:ktlintTestFixturesDebugSourceSetCheck SKIPPED
> Task :app:runKtlintCheckOverTestFixturesReleaseSourceSet NO-SOURCE
> Task :app:ktlintTestFixturesReleaseSourceSetCheck SKIPPED
> Task :app:runKtlintCheckOverTestFixturesSourceSet NO-SOURCE
> Task :app:ktlintTestFixturesSourceSetCheck SKIPPED
> Task :app:runKtlintCheckOverTestReleaseSourceSet NO-SOURCE
> Task :app:ktlintTestReleaseSourceSetCheck SKIPPED
> Task :app:runKtlintCheckOverKotlinScripts
> Task :app:ktlintKotlinScriptCheck
> Task :app:runKtlintCheckOverTestSourceSet

> Task :app:ktlintTestSourceSetCheck FAILED
C:\Users\Min\.qclaw\workspace-agent-279f079a\blbl\app\src\test\java\blbl\cat3399\core\api\BiliApiChargingArcTest.kt:70:1 Needless blank line(s)
C:\Users\Min\.qclaw\workspace-agent-279f079a\blbl\app\src\test\java\blbl\cat3399\core\api\VideoApiDmFilterUserNormalizeTest.kt:49:1 Needless blank line(s)
C:\Users\Min\.qclaw\workspace-agent-279f079a\blbl\app\src\test\java\blbl\cat3399\core\model\DanmakuShieldTest.kt:97:1 Needless blank line(s)
C:\Users\Min\.qclaw\workspace-agent-279f079a\blbl\app\src\test\java\blbl\cat3399\core\paging\PagedGridStateMachineTest.kt:13:50 First line of body expression fits on same line as function signature
C:\Users\Min\.qclaw\workspace-agent-279f079a\blbl\app\src\test\java\blbl\cat3399\core\paging\PagedGridStateMachineTest.kt:53:41 First line of body expression fits on same line as function signature
C:\Users\Min\.qclaw\workspace-agent-279f079a\blbl\app\src\test\java\blbl\cat3399\core\paging\PagedGridStateMachineTest.kt:95:52 First line of body expression fits on same line as function signature
C:\Users\Min\.qclaw\workspace-agent-279f079a\blbl\app\src\test\java\blbl\cat3399\core\paging\PagedGridStateMachineTest.kt:146:1 Needless blank line(s)
C:\Users\Min\.qclaw\workspace-agent-279f079a\blbl\app\src\test\java\blbl\cat3399\core\prefs\FeaturePrefsIntegrityTest.kt:3:1 Wildcard import (cannot be auto-corrected)
C:\Users\Min\.qclaw\workspace-agent-279f079a\blbl\app\src\test\java\blbl\cat3399\feature\player\engine\DashMpdGeneratorTest.kt:32:1 Unexpected indentation (20) (should be 16)
C:\Users\Min\.qclaw\workspace-agent-279f079a\blbl\app\src\test\java\blbl\cat3399\feature\player\engine\DashMpdGeneratorTest.kt:33:1 Unexpected indentation (24) (should be 20)
C:\Users\Min\.qclaw\workspace-agent-279f079a\blbl\app\src\test\java\blbl\cat3399\feature\player\engine\DashMpdGeneratorTest.kt:34:1 Unexpected indentation (24) (should be 20)
C:\Users\Min\.qclaw\workspace-agent-279f079a\blbl\app\src\test\java\blbl\cat3399\feature\player\engine\DashMpdGeneratorTest.kt:35:1 Unexpected indentation (20) (should be 16)
C:\Users\Min\.qclaw\workspace-agent-279f079a\blbl\app\src\test\java\blbl\cat3399\feature\player\engine\DashMpdGeneratorTest.kt:48:23 First line of body expression fits on same line as function signature
C:\Users\Min\.qclaw\workspace-agent-279f079a\blbl\app\src\test\java\blbl\cat3399\feature\player\engine\DashMpdGeneratorTest.kt:57:1 Unexpected indentation (16) (should be 12)
C:\Users\Min\.qclaw\workspace-agent-279f079a\blbl\app\src\test\java\blbl\cat3399\feature\player\engine\DashMpdGeneratorTest.kt:58:1 Unexpected indentation (20) (should be 16)
C:\Users\Min\.qclaw\workspace-agent-279f079a\blbl\app\src\test\java\blbl\cat3399\feature\player\engine\DashMpdGeneratorTest.kt:59:1 Unexpected indentation (20) (should be 16)
C:\Users\Min\.qclaw\workspace-agent-279f079a\blbl\app\src\test\java\blbl\cat3399\feature\player\engine\DashMpdGeneratorTest.kt:60:1 Unexpected indentation (20) (should be 16)
C:\Users\Min\.qclaw\workspace-agent-279f079a\blbl\app\src\test\java\blbl\cat3399\feature\player\engine\DashMpdGeneratorTest.kt:61:1 Unexpected indentation (20) (should be 16)
C:\Users\Min\.qclaw\workspace-agent-279f079a\blbl\app\src\test\java\blbl\cat3399\feature\player\engine\DashMpdGeneratorTest.kt:62:1 Unexpected indentation (20) (should be 16)
C:\Users\Min\.qclaw\workspace-agent-279f079a\blbl\app\src\test\java\blbl\cat3399\feature\player\engine\DashMpdGeneratorTest.kt:63:1 Unexpected indentation (20) (should be 16)
C:\Users\Min\.qclaw\workspace-agent-279f079a\blbl\app\src\test\java\blbl\cat3399\feature\player\engine\DashMpdGeneratorTest.kt:64:1 Unexpected indentation (20) (should be 16)
C:\Users\Min\.qclaw\workspace-agent-279f079a\blbl\app\src\test\java\blbl\cat3399\feature\player\engine\DashMpdGeneratorTest.kt:65:1 Unexpected indentation (16) (should be 12)
C:\Users\Min\.qclaw\workspace-agent-279f079a\blbl\app\src\test\java\blbl\cat3399\feature\player\engine\DashMpdGeneratorTest.kt:67:1 Unexpected indentation (16) (should be 12)
C:\Users\Min\.qclaw\workspace-agent-279f079a\blbl\app\src\test\java\blbl\cat3399\feature\player\engine\DashMpdGeneratorTest.kt:68:1 Unexpected indentation (20) (should be 16)
C:\Users\Min\.qclaw\workspace-agent-279f079a\blbl\app\src\test\java\blbl\cat3399\feature\player\engine\DashMpdGeneratorTest.kt:69:1 Unexpected indentation (20) (should be 16)
C:\Users\Min\.qclaw\workspace-agent-279f079a\blbl\app\src\test\java\blbl\cat3399\feature\player\engine\DashMpdGeneratorTest.kt:70:1 Unexpected indentation (20) (should be 16)
C:\Users\Min\.qclaw\workspace-agent-279f079a\blbl\app\src\test\java\blbl\cat3399\feature\player\engine\DashMpdGeneratorTest.kt:71:1 Unexpected indentation (20) (should be 16)
C:\Users\Min\.qclaw\workspace-agent-279f079a\blbl\app\src\test\java\blbl\cat3399\feature\player\engine\DashMpdGeneratorTest.kt:72:1 Unexpected indentation (20) (should be 16)
C:\Users\Min\.qclaw\workspace-agent-279f079a\blbl\app\src\test\java\blbl\cat3399\feature\player\engine\DashMpdGeneratorTest.kt:73:1 Unexpected indentation (20) (should be 16)
C:\Users\Min\.qclaw\workspace-agent-279f079a\blbl\app\src\test\java\blbl\cat3399\feature\player\engine\DashMpdGeneratorTest.kt:74:1 Unexpected indentation (20) (should be 16)
C:\Users\Min\.qclaw\workspace-agent-279f079a\blbl\app\src\test\java\blbl\cat3399\feature\player\engine\DashMpdGeneratorTest.kt:75:1 Unexpected indentation (16) (should be 12)
C:\Users\Min\.qclaw\workspace-agent-279f079a\blbl\app\src\test\java\blbl\cat3399\feature\video\VideoCardVisibilityFilterTest.kt:51:52 Function body should be replaced with body expression

> Task :app:runKtlintCheckOverMainSourceSet

FAILURE: Build failed with an exception.

* What went wrong:
Execution failed for task ':app:ktlintTestSourceSetCheck'.
> A failure occurred while executing org.jlleitschuh.gradle.ktlint.worker.ConsoleReportWorkAction
   > KtLint found code style violations. Please see the following reports:
     - C:\Users\Min\.qclaw\workspace-agent-279f079a\blbl\app\build\reports\ktlint\ktlintTestSourceSetCheck\ktlintTestSourceSetCheck.txt
     - C:\Users\Min\.qclaw\workspace-agent-279f079a\blbl\app\build\reports\ktlint\ktlintTestSourceSetCheck\ktlintTestSourceSetCheck.xml

* Try:
> Run with --stacktrace option to get the stack trace.
> Run with --info or --debug option to get more log output.
> Run with --scan to generate a Build Scan (Powered by Develocity).
> Get more help at https://help.gradle.org.

BUILD FAILED in 3m 22s
6 actionable tasks: 5 executed, 1 up-to-date
